00/00:          ; DOSDEF.S
01/80:          ; THIS FILE CONTAINS IMPORTANT DEFINES USED IN DOS/281
01/80:          ; GAVIN TERSTEEG, 2024
01/80:          ; SDMAY24-14
01/80:          
01/80:          ; BIOS CALLS
01/80:          BOOT	= 0
01/80:          ALTBOOT = 1
01/80:          INDIR	= 2
01/80:          IRET	= 3
01/80:          SYSCALL	= 4
01/80:          SYSJUMP	= 5
01/80:          PRGM	= 6
01/80:          IWRITE	= 7
01/80:          ZSTART	= 8
01/80:          
01/80:          HALT	= 0X7F
01/80:          
01/80:          ; SYSTEM CALLS
01/80:          S_EXIT	= 0
01/80:          S_PUTC	= 1
01/80:          S_GETC	= 2
01/80:          S_STAT	= 3
01/80:          S_PUTS	= 4
01/80:          S_INPUT	= 5
01/80:          S_OPEN	= 6
01/80:          S_CLOSE	= 7
01/80:          S_READ	= 8
01/80:          S_WRITE	= 9
01/80:          S_FSRCH	= 10
01/80:          S_NEXT	= 11
01/80:          S_DELET	= 12
01/80:          S_CREAT	= 13
01/80:          S_FREE	= 14
01/80:          S_EXEC	= 15
01/80:          
01/80:          ; MEMORY AREAS
01/80:          CF_NAME	= 0X60
01/80:          CF_SIZE	= 0X68
01/80:          CF_USR	= 0X6A
01/80:          DFT_USR	= 0X6B
01/80:          ARG_BNK	= 0X6C
01/80:          BD_FREE	= 0X6E
01/80:          MAX_IB	= 0X70
01/80:          MAX_DB	= 0X71
01/80:          CMDL_B	= 0X72
01/80:          AUTO_B	= 0X73
01/80:          KERNMEM	= 0X78
01/80:          BIOSMEM	= 0X7C
01/80:          AU_RUN	= 0X00
01/80:          AU_PNTR	= 0X01
01/80:          AU_BANK	= 0X02
01/80:          AU_BLK	= 0X03
01/80:          AU_UA	= 0X04
01/80:          AU_FILE	= 0X06
01/80:          AU_MISC	= 0X18
01/80:          
01/80:          ; DATA BANK ADDRESS
01/80:          DBANK	= 0X80		
01/80:          
01/80:          
01/80:          ; RM.S
01/80:          ; REMOVE A FILE
01/80:          ; GAVIN TERSTEEG, 2024
01/80:          ; SDMAY24-14
01/80:          
01/80:          ; MAXIMUM ARGUMENTS
01/80:          MAXARGS	= 1
01/80:          
01/80:          	; START BY PROCESSING THE ARGUMENTS
01/80: 3000     START:	LOADI	A,0
01/81: A080     	STORE	[DBANK],A
01/83:          	
01/82:          	; RESET ARG STATE
01/82: A000     	STORE	[ARGC],A
01/84:          	
01/83:          	; SET FIRST FLAG
01/83: 30FF     	LOADI	A,0XFF
01/84: A003     	STORE	[FIRST],A
01/86:          	
01/85:          	; SET UP STACK
01/85: 3C5E     	LOADI	D,0X60-2
01/87:          	
01/86:          	; SYSCALL RETURN BANK
01/86: 3801     	LOADI	C,1	
01/87: BB01     	STOREF	[D+1],C
01/89:          	
01/88:          	; SET UP POINTER
01/88: 3800     	LOADI	C,0
01/8A:          	
01/89:          	; GO TO ARGUMENT BANK
01/89: 8072     0:	LOAD	A,[CMDL_B]
01/8A: A06C     	STORE	[ARG_BNK],A
01/8B: A080     	STORE	[DBANK],A
01/8D:          
01/8C:          	; SKIP THE CURRENT ARGUMENT
01/8C: 9200     1:	LOADF	A,[C]
01/8D: 3420     	LOADI	B,0X20
01/8E: D100     	CMP	A,B
01/8F: F902     	BRBE	2F
01/90: 5801     	ADDI	C,1
01/91: FFFA     	JUMP	1B
01/93:          
01/92:          	; LOOK FOR AN ARGUMENT
01/92: 9200     2:	LOADF	A,[C]
01/93: 5000     	ADDI	A,0
01/94: F62B     	BRZ	ARGDONE
01/95: D100     	CMP	A,B
01/96: F802     	BRA	3F
01/97: 5801     	ADDI	C,1
01/98: FFF9     	JUMP	2B
01/9A:          
01/99:          	; IS IT A FLAG?
01/99: 342D     3:	LOADI	B,'-'
01/9A: D100     	CMP	A,B
01/9B: F711     	BRNZ	5F
01/9D:          	
01/9C:          	; HANDLE FLAGS HERE	
01/9C: 5801     4:	ADDI	C,1
01/9D: 9200     	LOADF	A,[C]
01/9E: 5000     	ADDI	A,0
01/9F: F620     	BRZ	ARGDONE
01/A0: 3420     	LOADI	B,0X20
01/A1: D100     	CMP	A,B
01/A2: F9EF     	BRBE	2B
01/A4:          	
01/A3:          	; REGISTER THE FLAG
01/A3: 3400     	LOADI	B,0
01/A4: A480     	STORE	[DBANK],B
01/A6:          	
01/A5:          	; IS IT A RECOGNIZED FLAG?
01/A5: 5400     	ADDI	B,0
01/A6: F60F     	BRZ	ARGBAD
01/A7: 3001     	LOADI	A,1
01/A8: B100     	STOREF	[B],A
01/AA:          
01/A9:          	; THERE MAY BE ANOTHER FLAG
01/A9: 8472     	LOAD	B,[CMDL_B]
01/AA: A46C     	STORE	[ARG_BNK],B
01/AB: A480     	STORE	[DBANK],B
01/AC: FFEF     	JUMP	4B
01/AE:          
01/AD:          	; SAVE THE ARGUMENT
01/AD: 3400     5:	LOADI	B,0
01/AE: A480     	STORE	[DBANK],B
01/AF: 8400     	LOAD	B,[ARGC]
01/B0: B901     	STOREF	[B+ARGV],C
01/B2:          	
01/B1:          	; DID WE EXCEED THE ALLOWED NUMBER OF ARGUMENTS
01/B1: 7401     	SUBI	B,MAXARGS
01/B2: F003     	BRC	ARGBAD
01/B3: 5402     	ADDI	B,MAXARGS+1
01/B4: A400     	STORE	[ARGC],B
01/B5: FFD3     	JUMP	0B
01/B7:          	
01/B6:          	; BAD ARGUMENT
01/B6: 3000     ARGBAD:	LOADI	A,0
01/B7: A080     	STORE	[DBANK],A
01/B9:          	
01/B8: 3001     	LOADI	A,STR_B
01/B9: A06C     	STORE	[ARG_BNK],A
01/BA: 3000     	LOADI	A,ERROR0
01/BC:          	
01/BB:          	; PRINT ERROR MESSAGE
01/BB: 3404     	LOADI	B,S_PUTS
01/BC: 38DE     	LOADI	C,EXIT
01/BD: FF46     	JUMP	SYSCALL	
01/BF:          
01/BE:          	; EXIT PROGRAM
01/BE: 3400     EXIT:	LOADI	B,0
01/BF: FF45     	JUMP	SYSJUMP
01/C1:          	
01/C0:          	; ARGUMENT PROCESSING DONE
01/C0: 3000     ARGDONE:LOADI	A,0
01/C1: A080     	STORE	[DBANK],A
01/C3:          	
01/C2:          	; CHECK ARG COUNT
01/C2: 8000     	LOAD	A,[ARGC]
01/C3: 7001     	SUBI	A,1
01/C4: F7F1     	BRNZ	ARGBAD
01/C6:          	
01/C5:          	; SET ARGUMENTS
01/C5: 8072     0:	LOAD	A,[CMDL_B]
01/C6: A06C     	STORE	[ARG_BNK],A
01/C7: 8001     	LOAD	A,[ARGV]
01/C9:          	
01/C8:          	; OPEN FILE
01/C8: 3406     	LOADI	B,S_OPEN
01/C9: 38CB     	LOADI	C,@+2
01/CA: FF39     	JUMP	SYSCALL
01/CC:          	
01/CB:          	; CHECK FOR ERRORS
01/CB: 5000     	ADDI	A,0
01/CC: F705     	BRNZ	1F
01/CE:          	
01/CD:          	; REMOVE FILE
01/CD: 340C     	LOADI	B,S_DELET
01/CE: 38D0     	LOADI	C,@+2
01/CF: FF34     	JUMP	SYSCALL
01/D1:          
01/D0:          	; CHECK FOR ERRORS
01/D0: 5000     	ADDI	A,0
01/D1: F609     	BRZ	2F
01/D3:          	
01/D2:          	; IS THIS THE FIRST?
01/D2: 8003     1:	LOAD	A,[FIRST]
01/D3: 5000     	ADDI	A,0
01/D4: F609     	BRZ	EXIT
01/D6:          	
01/D5:          	; ERROR MESSAGE ARGS
01/D5: 3001     	LOADI	A,STR_B
01/D6: A06C     	STORE	[ARG_BNK],A
01/D7: 3024     	LOADI	A,ERROR1
01/D9:          	
01/D8:          	; PRINT ERROR MESSAGE
01/D8: 3404     	LOADI	B,S_PUTS
01/D9: 38DE     	LOADI	C,EXIT
01/DA: FF29     	JUMP	SYSCALL
01/DC:          	
01/DB:          	; RESET FIRST FLAG
01/DB: 3000     2:	LOADI	A,0
01/DC: A003     	STORE	[FIRST],A
01/DD: FFE7     	JUMP	0B
01/DF:          
01/DE:          	; EXIT PROGRAM
01/DE: 3400     EXIT:	LOADI	B,0
01/DF: FF25     	JUMP	SYSJUMP
01/E1:          
01/E0:          
01/E0:          .DATA
01/00:          STR_B	= 1
01/00:          
01/00:          	; ERROR MESSAGES
01/00: 494E5641
       4C494420
       41524755
       4D454E54
       530A0D   .DEFL BYTE ERROR0	"INVALID ARGUMENTS",0X0A,0X0D,
01/13: 55534147
       453A2052
       4D204649
       4C450A0D
       00       			"USAGE: RM FILE",0X0A,0X0D,0
01/24: 43414E27
       54205245
       4D4F5645
       2046494C
       450A0D00 .DEFL BYTE ERROR1	"CAN'T REMOVE FILE",0X0A,0X0D,0
01/38:          
01/38:          .BANK	0
00/00:          .BSS
00/00:          
00/00:          	; COMMAND LINE ARGUMENTS
00/00: 00       .DEFL BYTE ARGC		0
00/01: 0000     .DEFL BYTE ARGV		0,0
00/03:          
00/03:          	; IS THIS THE FIRST ATTEMPT AT REMOVING?
00/03: 00       .DEFL BYTE FIRST	0
00/04:          
