00/00:          ; COMMON.S
01/80:          ; DOS/281 SYSTEM COMMON DEFINITIONS
01/80:          
01/80:          ; DEFINES
01/80:          INDIR	= 0X01
01/80:          PRGM	= 0X02
01/80:          HALT	= 0X7F
01/80:          
01/80:          DBANK	= 0X80		; DATA BANK ADDRESS
01/80:          UART	= 0X90		; UART BASE ADDRESS
01/80:          UART_RH	= UART+0X00	; UART READ HOLDING
01/80:          UART_TH	= UART+0X00	; UART TRANSMIT HOLDING
01/80:          UART_LS	= UART+0X05	; UART LINE STATUS
01/80:          SCRATCH	= UART+0X07	; SCRATCH BYTE ADDRESS
01/80:          CF	= 0XA0		; COMPACT FLASH BASE ADDRESS
01/80:          CF_DATA	= CF+0X00	; CF DATA
01/80:          CF_ERR	= CF+0X01	; CF ERROR
01/80:          CF_FEAT	= CF+0x01	; CF FEATURES
01/80:          CF_CNT	= CF+0X02	; CF SECTOR COUNT
01/80:          CF_LBA0	= CF+0X03	; CF LBA BITS 0-7
01/80:          CF_LBA1	= CF+0X04	; CF LBA BITS 8-15
01/80:          CF_LBA2	= CF+0X05	; CF LBA BITS 16-23
01/80:          CF_LBA3	= CF+0X06	; CF LBA BITS 24-27
01/80:          CF_STAT	= CF+0X07	; CF STATUS
01/80:          CF_CMD	= CF+0X07	; CF COMMAND
01/80:          
01/80:          CF_READ	= 0X20		; READ COMMAND
01/80:          CF_WRIT = 0X30		; WRITE COMMAND
01/80:          
01/80:          ; MBR.S
01/80:          ; MASTER BOOT RECORD (2ND STAGE BOOTLOADER)
01/80:          
01/80:          ; DEFINES
01/80:          BLKTAB	= 2		; START PAGE OF THE BLOCK TABLE
01/80:          ISRBLK	= 6		; START PAGE OF STORED INSTRUCTIONS
01/80:          
01/80:          .TEXT
01/80:          
01/80:          	; LOAD ADDRESS OF FILE RECORDS
01/80: 3011     	LOADI	A,17
01/82:          	
01/81:          	; BEGIN FILE SEARCH
01/81:          	; EXECUTE READ OPERATION
01/81: 3400     0:	LOADI	B,0
01/82: 3884     	LOADI	C,@+2
01/83: FF6E     	JUMP	CFREAD
01/85:          	
01/84:          	; MATCH THE FIRST 10 WORDS
01/84: 3800     1:	LOADI	C,FNAME
01/85: 3C00     	LOADI	D,0
01/87:          	
01/86:          	; MATCH CHARACTER
01/86: 80A0     2:	LOAD	A,[CF_DATA]
01/87: 9600     	LOADF	B,[C]
01/88: D100     	CMP	A,B
01/89: F601     	BRZ	3F
01/8B:          	
01/8A:          	; DOESN'T MATCH, SET A FLAG
01/8A: 3C01     	LOADI	D,1
01/8C:          	
01/8B:          	; NEXT CHARACTER
01/8B: 7809     3:	SUBI	C,FNAME+9
01/8C: F602     	BRZ	4F
01/8D: 580A     	ADDI	C,FNAME+10
01/8E: FFF7     	JUMP	2B
01/90:          
01/8F:          	; MATCH COMPLETE
01/8F:          	; DID WE WIN?
01/8F: 5C00     4:	ADDI	D,0
01/90: F60A     	BRZ	9F
01/92:          	
01/91:          	; NO WE DID NOT, NEXT ENTRY
01/91: 3406     	LOADI	B,6
01/92: 80A0     5:	LOAD	A,[CF_DATA]
01/93: 7401     	SUBI	B,1
01/94: F7FD     	BRNZ	5B
01/96:          	
01/95:          	; CHECK NEXT ENTRY STATUS
01/95: 5000     	ADDI	A,0
01/97:          	
01/96:          	; IT'S 0X00: DO THE NEXT ENTRY IN THE BLOCK
01/96: F6ED     	BRZ	1B
01/98:          	
01/97:          	; IT'S 0XFF: WE ARE OUT OF ENTRIES
01/97: F4E7     	BRN	HALT
01/99:          	
01/98:          	; IT'S 0X01, THE RECORD IS ON THE NEXT BLOCK
01/98: 80A3     	LOAD	A,[CF_LBA0]
01/99: 5001     	ADDI	A,1
01/9A: FFE6     	JUMP	0B
01/9C:          
01/9B:          	; WE HAVE FOUND THE FILE, EXTRACT RELEVANT DATA
01/9B:          	; START WITH READING THE FILE SIZE
01/9B: 80A0     9:	LOAD	A,[CF_DATA]
01/9C: 5000     	ADDI	A,0
01/9D: F602     	BRZ	0F
01/9F:          	
01/9E:          	; FILE IS FULL
01/9E: 84A0     	LOAD	B,[CF_DATA]
01/9F: FF03     	JUMP	1F
01/A1:          	
01/A0:          	; READ LSB OF SIZE
01/A0: 80A0     0:	LOAD	A,[CF_DATA]
01/A2:          	
01/A1:          	; CHECK IF FILE IS EMPTY
01/A1: 5000     	ADDI	A,0
01/A2: F6DC     	BRZ	HALT
01/A4:          	
01/A3:          	; SAVE SIZE
01/A3: A00A     1:	STORE	[SIZE],A
01/A5:          
01/A4:          	; GET THE BLOCK TABLE ADDRESS
01/A4: 80A0     	LOAD	A,[CF_DATA]	; THIS ONE DOES THE UNUSED BYTE
01/A5: 84A0     	LOAD	B,[CF_DATA]
01/A6: 80A0     	LOAD	A,[CF_DATA]
01/A8:          	
01/A7:          	; READ OUT THE REST OF THE BLOCK
01/A7:          	; 0X01 INDICATES THE END OF THE BLOCK
01/A7: 88A0     2:	LOAD	C,[CF_DATA]
01/A8: 5800     	ADDI	C,0
01/A9: F705     	BRNZ	4F
01/AB:          	
01/AA:          	; READ 15 BYTES AND DISCARD
01/AA: 3C0F     	LOADI	D,15
01/AB: 88A0     3:	LOAD	C,[CF_DATA]
01/AC: 7C01     	SUBI	D,1
01/AD: F7FD     	BRNZ	3B
01/AE: FFF8     	JUMP	2B
01/B0:          	
01/AF:          	; WE ARE FINALLY DONE, LETS OPEN UP THE BLOCK TABLE
01/AF: 38B1     4:	LOADI	C,@+2
01/B0: FF41     	JUMP	CFREAD
01/B2:          	
01/B1:          	; LETS STORE THIS IN DATA BANKS BLKTAB - BLKTAB+3
01/B1: 3802     	LOADI	C,BLKTAB
01/B2: 3C04     	LOADI	D,4
01/B4:          	
01/B3:          	; COPY TIME :)
01/B3: A880     0:	STORE	[DBANK],C
01/B4: 3400     	LOADI	B,0
01/B5: 80A0     1:	LOAD	A,[CF_DATA]
01/B6: B100     	STOREF	[B],A
01/B7: 5401     	ADDI	B,1
01/B8: F5FC     	BRNN	1B
01/B9: 5801     	ADDI	C,1
01/BA: 7C01     	SUBI	D,1
01/BB: F7F7     	BRNZ	0B
01/BD:          	
01/BC:          	; SET CURRENT BANK AND RECORD
01/BC: 3402     	LOADI	B,BLKTAB
01/BD: 3800     	LOADI	C,0
01/BE: 3001     	LOADI	A,1
01/BF: A080     	STORE	[DBANK],A
01/C1:          	
01/C0:          	; MAIN LOOP TO LOAD THE .SAV FILE
01/C0: A40B     0:	STORE	[CBANK],B
01/C1: A80C     	STORE	[CRECORD],C
01/C2: A480     	STORE	[DBANK],B
01/C4:          
01/C3:          	; GET RECORD TO LOAD
01/C3: 9201     	LOADF	A,[C+1]
01/C4: 9600     	LOADF	B,[C]
01/C6:          	
01/C5:          	; AND READ THE BLOCK
01/C5: 38C7     	LOADI	C,@+2
01/C6: FF2B     	JUMP	CFREAD
01/C8:          	
01/C7:          	; GET THE DESTINATION BANK
01/C7: 80A0     	LOAD	A,[CF_DATA]
01/C8: 80A0     	LOAD	A,[CF_DATA]
01/C9: 80A0     	LOAD	A,[CF_DATA]
01/CA: A080     	STORE	[DBANK],A
01/CC:          	
01/CB:          	; SKIP 125 BYTES
01/CB: 347D     	LOADI	B,125
01/CC: 8CA0     1:	LOAD	D,[CF_DATA]
01/CD: 7401     	SUBI	B,1
01/CE: F7FD     	BRNZ	1B
01/D0:          	
01/CF:          	; LOAD 128 BYTES INTO THE DATA BANK
01/CF: 8CA0     2:	LOAD	D,[CF_DATA]
01/D0: BD00     	STOREF	[B],D
01/D1: 5401     	ADDI	B,1
01/D2: F5FC     	BRNN	2B
01/D4:          	
01/D3:          	; LOAD FIRST 128 BYTES OF INSTRUCTIONS
01/D3: 3806     	LOADI	C,ISRBLK
01/D4: A880     	STORE	[DBANK],C
01/D5: 8CA0     3:	LOAD	D,[CF_DATA]
01/D6: BD80     	STOREF	[B+0X80],D
01/D7: 5401     	ADDI	B,1
01/D8: F4FC     	BRN	3B
01/DA:          	
01/D9:          	; LOAD SECOND 128 BYTES OF INSTRUCTIONS
01/D9: 3807     	LOADI	C,ISRBLK+1
01/DA: A880     	STORE	[DBANK],C
01/DB: 8CA0     4:	LOAD	D,[CF_DATA]
01/DC: BD00     	STOREF	[B],D
01/DD: 5401     	ADDI	B,1
01/DE: F5FC     	BRNN	4B
01/E0:          	
01/DF:          	; CALL THE 'PRGM' BIOS CALL
01/DF:          	; A = DESTINATION ISR PAGE
01/DF:          	; B = SOURCE DATA PAGE
01/DF:          	; C = RETURN ADDRESS
01/DF:          	; D = RETURN ISR PAGE
01/DF: 3406     	LOADI	B,ISRBLK
01/E0: 3C01     	LOADI	D,1
01/E1: 38E3     	LOADI	C,@+2
01/E2: FF1F     	JUMP	PRGM
01/E4:          	
01/E3:          	; MOVE ON TO NEXT BLOCK OR RECORD
01/E3:          	; CHECK IF WE ARE DONE
01/E3: 3001     	LOADI	A,1
01/E4: A080     	STORE	[DBANK],A
01/E5: 800A     	LOAD	A,[SIZE]
01/E6: 7001     	SUBI	A,1
01/E7: 3400     	LOADI	B,0
01/E8: 3881     	LOADI	C,0X81
01/E9: F617     	BRZ	INDIR
01/EA: A00A     	STORE	[SIZE],A
01/EC:          	
01/EB:          	; UPDATE POINTERS AND RETURN
01/EB: 840B     	LOAD	B,[CBANK]
01/EC: 880C     	LOAD	C,[CRECORD]
01/ED: 5802     	ADDI	C,2
01/EE: F5D1     	BRNN	0B
01/EF: 3800     	LOADI	C,0
01/F0: 5401     	ADDI	B,1
01/F1: FFCE     	JUMP	0B
01/F3:          	
01/F2:          
01/F2:          	; READS FROM THE CF CARD
01/F2:          	; A READ COMMAND IS EXECUTED AND
01/F2:          	; A WAIT IS PERFORMED UNTIL THE
01/F2:          	; COMMAND COMPLETES
01/F2:          	; A = LSB BLOCK ADDRESS
01/F2:          	; B = MSB BLOCK ADDRESS
01/F2:          	; USES: A, C, D
01/F2: A0A3     CFREAD:	STORE	[CF_LBA0],A
01/F3: A4A4     	STORE	[CF_LBA1],B
01/F4: 3001     	LOADI	A,1
01/F5: A0A2     	STORE	[CF_CNT],A
01/F7:          
01/F6:          
01/F6:          	; EXECUTE THE READ COMMAND NOW
01/F6: 3020     	LOADI	A,CF_READ
01/F7: A0A7     	STORE	[CF_CMD],A
01/F9:          
01/F8:          
01/F8:          	; WAIT FOR THE CF CARD TO BECOME READY
01/F8:          	; FOR THIS TO HAPPEN, THE BUSY FLAG MUST BE 0
01/F8:          	; AND THE READY FLAG MUST BE 1
01/F8:          	; IF A CF CARD ISN'T PRESENT, THIS ROUTINE HANGS
01/F8:          	; BUT WE DON'T CARE
01/F8:          	; USES: B
01/F8: 80A7     CFWAIT:	LOAD	A,[CF_STAT]
01/FA:          
01/F9:          	; CHECK BIT 7 (BUSY FLAG)
01/F9: 4000     	SHIFTL	A
01/FB:          	
01/FA:          	; GO BACK TO START BUSY
01/FA: F0FD     	BRC	CFWAIT
01/FC:          	
01/FB:          	; CHECK BIT 6 (READY FLAG)
01/FB: 4000     	SHIFTL	A
01/FD:          	
01/FC:          	; GO BACK TO START IF NOT READY
01/FC: F1FB     	BRNC	CFWAIT
01/FE:          	
01/FD:          	; RETURN FROM FUNCTION CALL
01/FD: FE02     	JUMPR	C
01/FF:          
01/FE:          
01/FE:          
01/FE:          .DATA
01/FE:          
01/00: FF304B45
       524E454C
       5359     .DEFL BYTE FNAME	0XFF,'0',"KERNEL","SY"
01/0A: 00       .DEFL BYTE SIZE		0
01/0B: 00       .DEFL BYTE CBANK	0
